Key	origin_sheet	A	B	C	D
1	data1	a1	b1		
2	data2			a2	b2
2	data1	c1	d1		
2	data1	e1	f1		
3	data2			c2	d2
