Key	C	D	A	B
1			a1	b1
2	a3	b2	c1	d1
2	a3	b2	e1	f1
3	c2	d2		
