Total	count	Quantity_mean
Total	51	7.90
Selected	11	29.36
