directory	filename	ext	size
bin/	filter-doc.py	py	760
bin/	vd		100
bin/	viewtsv.py	py	1120
