[
{"": "#ERR", "amt": "#ERR", "key1": "#ERR", "key2": "#ERR", "qty": "#ERR"},
{"key1": "2016-01-01 11:00:00", "key2": "foo", "qty": "1"},
{"key1": "2018-07-27 16:44", "key2": "bar"},
{"amt": ".01", "key1": "2018-07-27 18:44", "key2": "baz", "qty": "256"},
{"amt": ".01", "key1": "2018-10-20 18:44", "key2": "foo", "qty": "30.0"},
{"amt": ".3", "key1": "2017-12-25 8:44", "key2": "bar", "qty": "16"},
{"amt": "3", "key1": "2016-01-01 1:00", "qty": "2"},
{"amt": "3.3", "key2": "baz", "qty": "32"},
{"amt": "43.2", "key2": "baz", "qty": "4"},
{"amt": "9.1", "key1": "2018-07-27 4:44", "qty": "64"}
]
