Rep	count	Units_p33	Units_p67
Jones	8	42	61
Jardine	5	40	77
Gill	5	33	50
Kivell	4	41	50
Sorvino	4	6	56
Andrews	4	27	66
Morgan	3	45	66
Parent	3	53	76
Smith	3	44	73
Thompson	2	40	48
Howard	2	51	73
