name	width	height	type	fmtstr	formatter	displayer	value	expr	aggregators
feature_OrderDate		1					2016-01-06	0	
feature_Region		1					East	1	
feature_Rep		1					Jones	2	
feature_Item		1					Pencil	3	
feature_Units		1					95	4	
feature_Unit_Cost		1					1.99	5	
feature_Total		1					189.05	6	
