Date	count	percent
2018-07	21	41.18
2018-08	30	58.82
