domicilioCom	sesso	domicilioProv	comune
082053	M	PA	Palermo
082053	M	PA	Palermo
082070	M	PA	Termini Imerese
082014	M	PA	Caccamo
