Key	A	B	data3_E	data3_F	data2_C	data2_D
1	a1	b1	e1	f1		
2	c1	d1			a2	b2
2	e1	f1			a2	b2
