Row	other	a	b	c
2	some	this	is	data
4	other	look	at	that
5	stuff	here	is	more
