elapsed_ms	timestamp	duration	arm	posture	systolic	diastolic
18000	1454017862000	10000	0	0	120	80
30000	1454017874000	1000	1	0	121	80
