key1	Variable	Value
	amt	43.2
	amt	3.3
	key2	baz
	key2	baz
	qty	4
	qty	32
2016-01-01	amt	3
2016-01-01	qty	2
2016-01-01	key2	foo
2016-01-01	qty	1
2017-12-25	amt	.3
2017-12-25	key2	bar
2017-12-25	qty	16
2018-07-27	amt	9.1
2018-07-27	qty	64
2018-07-27	key2	bar
2018-07-27	amt	.01
2018-07-27	key2	baz
2018-07-27	qty	256
2018-10-20	amt	.01
2018-10-20	key2	foo
2018-10-20	qty	30.0
