Date	count	Revenue
7/10	3	736.86
7/13	2	91.75
7/17	2	117.68
7/18	1	157.00
7/19	1	224.75
7/20	1	197.50
7/23	2	67.92
7/24	1	157.00
7/26	1	15.70
7/27	1	157.00
7/3	2	56.02
7/30	1	157.00
7/31	1	3602.10
7/5	1	4.22
7/6	1	157.00
8/1	1	22.88
8/10	1	51.80
8/13	2	5.49
8/15	2	-2291.56
8/16	3	2527.84
8/17	1	0.25
8/2	2	1354.50
8/20	4	-1080.88
8/21	1	51.80
8/22	3	136.60
8/24	1	51.80
8/27	1	1.99
8/28	2	1994.41
8/29	1	51.80
8/31	2	1964.75
8/6	1	51.80
8/7	2	91.44
