Key	A	B	C	D
1	a1	b1		
2	c1	d1	a2	b2
2	e1	f1	a2	b2
