SKU	count	Quantity_mean
FOOD219	2	74
FOOD167	1	50
FOOD122	4	6
FOOD213	1	4
FOOD216	1	4
FOOD217	1	4
FOOD215	1	4
FOOD360	1	4
FOOD212	1	4
FOOD211	1	4
FOOD214	1	4
FOOD218	1	4
FOOD170	2	3
FOOD130	3	2
FOOD146	1	2
FOOD121	3	1
FOOD420	1	1
