A	A_cellPyObj	A_fontColor	A_fillColor	BC	BC_cellPyObj	BC_fontColor	BC_fillColor		_cellPyObj	_fontColor	_fillColor	D	D_cellPyObj	D_fontColor	D_fillColor
A	<ReadOnlyCell 'Sheet1'.A2>	1	FFFF0000	B	<ReadOnlyCell 'Sheet1'.B2>	1	9	C	<ReadOnlyCell 'Sheet1'.C2>	1	FF00B0F0	D	<ReadOnlyCell 'Sheet1'.D2>	1	FF7030A0
